MPLINK 4.49, Linker
Linker Map File - Created Tue Oct 30 09:50:23 2018

                                 Section Info
                  Section       Type    Address   Location Size(Bytes)
                ---------  ---------  ---------  ---------  ---------
                   .org_0       code   0x000000    program   0x000000
                   .org_1       code   0x000000    program   0x000002
                   .org_2       code   0x000004    program   0x0000d4
   .config_2007_DENEY-2.O       code   0x002007    program   0x000002



                              Program Memory Usage 
                               Start         End      
                           ---------   ---------      
                            0x000000    0x000000      
                            0x000004    0x00006d      
                            0x002007    0x002007      
            108 out of 8454 program addresses used, program memory utilization is 1%



                              Symbols - Sorted by Name
                     Name    Address   Location    Storage File                     
                ---------  ---------  ---------  --------- ---------                
                ALT_SINIR   0x00004e    program     static D:\mikroislemciler\2018GuzDonemi\2.deney\deney-2.asm
                ANA_METOT   0x000012    program     static D:\mikroislemciler\2018GuzDonemi\2.deney\deney-2.asm
              DEGER_ARTIR   0x000055    program     static D:\mikroislemciler\2018GuzDonemi\2.deney\deney-2.asm
              DEGER_AZALT   0x000061    program     static D:\mikroislemciler\2018GuzDonemi\2.deney\deney-2.asm
              KESME_METOT   0x000004    program     static D:\mikroislemciler\2018GuzDonemi\2.deney\deney-2.asm
                  KONTROL   0x000042    program     static D:\mikroislemciler\2018GuzDonemi\2.deney\deney-2.asm
            KONTROL_METOT   0x00006d    program     static D:\mikroislemciler\2018GuzDonemi\2.deney\deney-2.asm
                UST_SINIR   0x000047    program     static D:\mikroislemciler\2018GuzDonemi\2.deney\deney-2.asm



                              Symbols - Sorted by Address
                     Name    Address   Location    Storage File                     
                ---------  ---------  ---------  --------- ---------                
              KESME_METOT   0x000004    program     static D:\mikroislemciler\2018GuzDonemi\2.deney\deney-2.asm
                ANA_METOT   0x000012    program     static D:\mikroislemciler\2018GuzDonemi\2.deney\deney-2.asm
                  KONTROL   0x000042    program     static D:\mikroislemciler\2018GuzDonemi\2.deney\deney-2.asm
                UST_SINIR   0x000047    program     static D:\mikroislemciler\2018GuzDonemi\2.deney\deney-2.asm
                ALT_SINIR   0x00004e    program     static D:\mikroislemciler\2018GuzDonemi\2.deney\deney-2.asm
              DEGER_ARTIR   0x000055    program     static D:\mikroislemciler\2018GuzDonemi\2.deney\deney-2.asm
              DEGER_AZALT   0x000061    program     static D:\mikroislemciler\2018GuzDonemi\2.deney\deney-2.asm
            KONTROL_METOT   0x00006d    program     static D:\mikroislemciler\2018GuzDonemi\2.deney\deney-2.asm


